openapi: 3.0.1
info:
  title: Convert
  version: 0.0.0
servers:
  - url: "{server}:{port}/convert"
    variables:
      server:
        default: http://localhost
      port:
        default: "9000"
paths:
  /rate:
    get:
      operationId: getRate
      parameters:
        - name : limit
          in: query
          schema:
            $ref: '#/components/schemas/limit-type'

      responses:
        "200":
          description: Ok
          content:
            application/json:
              schema:
                $ref: '#/components/schemas/account'
components:
  schemas:
    limit-type:
      type: string
    account:
      required:
        - status
        - timestamp
      type: object
      properties:
        timestamp:
          type: string
        status:
          type: integer
          format: int64
        account-limit:
          $ref: "#/components/schemas/limit-type"
    account-details:
      type: object
      properties:
        name:
          type: string
        date:
          type: string
        details:
          $ref: "#/components/schemas/account-details"
    200:
      type: object
      properties:
        response:
          type: string
        code:
          type: integer
